[PANOPTIC EVAL] IGNORE:  0
[PANOPTIC EVAL] INCLUDE:  [ 1  2  3  4  5  6  7  8  9 10 11 12 13 14 15 16 17 18 19]
test: [125, 137, 138, 139, 140, 141, 142, 143, 144, 145, 146, 147, 148, 149, 150, 151, 152, 153, 169], 19
/root/autodl-tmp/NDP/data/test/125/velodyne
/root/autodl-tmp/NDP/data/test/137/velodyne
/root/autodl-tmp/NDP/data/test/138/velodyne
/root/autodl-tmp/NDP/data/test/139/velodyne
/root/autodl-tmp/NDP/data/test/140/velodyne
/root/autodl-tmp/NDP/data/test/141/velodyne
/root/autodl-tmp/NDP/data/test/142/velodyne
/root/autodl-tmp/NDP/data/test/143/velodyne
/root/autodl-tmp/NDP/data/test/144/velodyne
/root/autodl-tmp/NDP/data/test/145/velodyne
/root/autodl-tmp/NDP/data/test/146/velodyne
/root/autodl-tmp/NDP/data/test/147/velodyne
/root/autodl-tmp/NDP/data/test/148/velodyne
/root/autodl-tmp/NDP/data/test/149/velodyne
/root/autodl-tmp/NDP/data/test/150/velodyne
/root/autodl-tmp/NDP/data/test/151/velodyne
/root/autodl-tmp/NDP/data/test/152/velodyne
/root/autodl-tmp/NDP/data/test/153/velodyne
/root/autodl-tmp/NDP/data/test/169/velodyne
V08 spatial consistency: DISABLED
V09 ID conditional calibration: DISABLED
Prototype module: ENABLED
MODEL_READY {"parameters": 39672034, "trainable": 0, "feature_dim": 128, "num_classes": 19, "gpu": "NVIDIA GeForce RTX 3090", "gpu_count_used": 1, "batch_size": 1, "evaluation_frames": 8659}
INFERENCE 1 / 8659 elapsed 9.0
INFERENCE 2 / 8659 elapsed 9.5
INFERENCE 3 / 8659 elapsed 10.0
INFERENCE 50 / 8659 elapsed 34.5
INFERENCE 100 / 8659 elapsed 63.5
INFERENCE 150 / 8659 elapsed 91.9
INFERENCE 200 / 8659 elapsed 116.3
INFERENCE 250 / 8659 elapsed 135.5
INFERENCE 300 / 8659 elapsed 153.8
INFERENCE 350 / 8659 elapsed 175.2
INFERENCE 400 / 8659 elapsed 196.8
INFERENCE 450 / 8659 elapsed 219.4
INFERENCE 500 / 8659 elapsed 238.5
INFERENCE 550 / 8659 elapsed 259.1
INFERENCE 600 / 8659 elapsed 278.9
INFERENCE 650 / 8659 elapsed 299.1
INFERENCE 700 / 8659 elapsed 320.5
INFERENCE 750 / 8659 elapsed 347.2
INFERENCE 800 / 8659 elapsed 374.4
INFERENCE 850 / 8659 elapsed 395.4
INFERENCE 900 / 8659 elapsed 414.9
INFERENCE 950 / 8659 elapsed 436.0
INFERENCE 1000 / 8659 elapsed 458.4
INFERENCE 1050 / 8659 elapsed 479.7
INFERENCE 1100 / 8659 elapsed 498.8
INFERENCE 1150 / 8659 elapsed 519.1
INFERENCE 1200 / 8659 elapsed 539.4
INFERENCE 1250 / 8659 elapsed 560.3
INFERENCE 1300 / 8659 elapsed 586.3
INFERENCE 1350 / 8659 elapsed 610.1
INFERENCE 1400 / 8659 elapsed 629.2
INFERENCE 1450 / 8659 elapsed 651.1
INFERENCE 1500 / 8659 elapsed 673.0
INFERENCE 1550 / 8659 elapsed 694.8
INFERENCE 1600 / 8659 elapsed 713.9
INFERENCE 1650 / 8659 elapsed 735.0
INFERENCE 1700 / 8659 elapsed 754.9
INFERENCE 1750 / 8659 elapsed 775.5
INFERENCE 1800 / 8659 elapsed 801.1
INFERENCE 1850 / 8659 elapsed 828.3
INFERENCE 1900 / 8659 elapsed 852.2
INFERENCE 1950 / 8659 elapsed 873.6
INFERENCE 2000 / 8659 elapsed 894.9
INFERENCE 2050 / 8659 elapsed 916.2
INFERENCE 2100 / 8659 elapsed 935.7
INFERENCE 2150 / 8659 elapsed 956.2
INFERENCE 2200 / 8659 elapsed 976.3
INFERENCE 2250 / 8659 elapsed 997.0
INFERENCE 2300 / 8659 elapsed 1023.6
INFERENCE 2350 / 8659 elapsed 1050.8
INFERENCE 2400 / 8659 elapsed 1069.7
INFERENCE 2450 / 8659 elapsed 1091.1
INFERENCE 2500 / 8659 elapsed 1112.5
INFERENCE 2550 / 8659 elapsed 1135.3
INFERENCE 2600 / 8659 elapsed 1154.6
INFERENCE 2650 / 8659 elapsed 1174.9
INFERENCE 2700 / 8659 elapsed 1194.9
INFERENCE 2750 / 8659 elapsed 1215.2
INFERENCE 2800 / 8659 elapsed 1234.8
INFERENCE 2850 / 8659 elapsed 1255.1
INFERENCE 2900 / 8659 elapsed 1276.0
INFERENCE 2950 / 8659 elapsed 1297.2
INFERENCE 3000 / 8659 elapsed 1323.0
INFERENCE 3050 / 8659 elapsed 1350.3
INFERENCE 3100 / 8659 elapsed 1368.9
INFERENCE 3150 / 8659 elapsed 1390.6
INFERENCE 3200 / 8659 elapsed 1412.1
INFERENCE 3250 / 8659 elapsed 1434.4
INFERENCE 3300 / 8659 elapsed 1453.8
INFERENCE 3350 / 8659 elapsed 1474.1
INFERENCE 3400 / 8659 elapsed 1494.1
INFERENCE 3450 / 8659 elapsed 1514.4
INFERENCE 3500 / 8659 elapsed 1536.3
INFERENCE 3550 / 8659 elapsed 1563.2
INFERENCE 3600 / 8659 elapsed 1588.8
INFERENCE 3650 / 8659 elapsed 1609.8
INFERENCE 3700 / 8659 elapsed 1631.9
INFERENCE 3750 / 8659 elapsed 1652.6
INFERENCE 3800 / 8659 elapsed 1672.7
INFERENCE 3850 / 8659 elapsed 1693.1
INFERENCE 3900 / 8659 elapsed 1713.1
INFERENCE 3950 / 8659 elapsed 1733.8
INFERENCE 4000 / 8659 elapsed 1756.5
INFERENCE 4050 / 8659 elapsed 1783.8
INFERENCE 4100 / 8659 elapsed 1805.7
INFERENCE 4150 / 8659 elapsed 1827.7
INFERENCE 4200 / 8659 elapsed 1850.4
INFERENCE 4250 / 8659 elapsed 1870.0
INFERENCE 4300 / 8659 elapsed 1890.6
INFERENCE 4350 / 8659 elapsed 1910.7
INFERENCE 4400 / 8659 elapsed 1931.3
INFERENCE 4450 / 8659 elapsed 1952.5
INFERENCE 4500 / 8659 elapsed 1975.0
INFERENCE 4550 / 8659 elapsed 1994.9
INFERENCE 4600 / 8659 elapsed 2014.6
INFERENCE 4650 / 8659 elapsed 2034.9
INFERENCE 4700 / 8659 elapsed 2055.2
INFERENCE 4750 / 8659 elapsed 2076.9
INFERENCE 4800 / 8659 elapsed 2097.6
INFERENCE 4850 / 8659 elapsed 2118.5
INFERENCE 4900 / 8659 elapsed 2141.0
INFERENCE 4950 / 8659 elapsed 2162.7
INFERENCE 5000 / 8659 elapsed 2182.3
INFERENCE 5050 / 8659 elapsed 2202.9
INFERENCE 5100 / 8659 elapsed 2223.4
INFERENCE 5150 / 8659 elapsed 2245.0
INFERENCE 5200 / 8659 elapsed 2267.8
INFERENCE 5250 / 8659 elapsed 2288.9
INFERENCE 5300 / 8659 elapsed 2309.5
INFERENCE 5350 / 8659 elapsed 2330.4
INFERENCE 5400 / 8659 elapsed 2350.9
INFERENCE 5450 / 8659 elapsed 2372.1
INFERENCE 5500 / 8659 elapsed 2393.9
INFERENCE 5550 / 8659 elapsed 2413.2
INFERENCE 5600 / 8659 elapsed 2433.9
INFERENCE 5650 / 8659 elapsed 2454.2
INFERENCE 5700 / 8659 elapsed 2474.4
INFERENCE 5750 / 8659 elapsed 2494.5
INFERENCE 5800 / 8659 elapsed 2515.1
INFERENCE 5850 / 8659 elapsed 2538.7
INFERENCE 5900 / 8659 elapsed 2566.3
INFERENCE 5950 / 8659 elapsed 2593.1
INFERENCE 6000 / 8659 elapsed 2621.5
INFERENCE 6050 / 8659 elapsed 2649.9
INFERENCE 6100 / 8659 elapsed 2677.9
INFERENCE 6150 / 8659 elapsed 2700.4
INFERENCE 6200 / 8659 elapsed 2721.0
INFERENCE 6250 / 8659 elapsed 2741.5
INFERENCE 6300 / 8659 elapsed 2762.2
INFERENCE 6350 / 8659 elapsed 2782.7
INFERENCE 6400 / 8659 elapsed 2804.9
INFERENCE 6450 / 8659 elapsed 2832.4
INFERENCE 6500 / 8659 elapsed 2857.7
INFERENCE 6550 / 8659 elapsed 2878.0
INFERENCE 6600 / 8659 elapsed 2898.3
INFERENCE 6650 / 8659 elapsed 2919.3
INFERENCE 6700 / 8659 elapsed 2939.2
INFERENCE 6750 / 8659 elapsed 2960.2
INFERENCE 6800 / 8659 elapsed 2982.1
INFERENCE 6850 / 8659 elapsed 3008.7
INFERENCE 6900 / 8659 elapsed 3036.2
INFERENCE 6950 / 8659 elapsed 3063.7
INFERENCE 7000 / 8659 elapsed 3089.5
INFERENCE 7050 / 8659 elapsed 3112.0
INFERENCE 7100 / 8659 elapsed 3132.3
INFERENCE 7150 / 8659 elapsed 3152.2
INFERENCE 7200 / 8659 elapsed 3173.1
INFERENCE 7250 / 8659 elapsed 3193.3
INFERENCE 7300 / 8659 elapsed 3213.9
INFERENCE 7350 / 8659 elapsed 3235.4
INFERENCE 7400 / 8659 elapsed 3258.5
INFERENCE 7450 / 8659 elapsed 3279.6
INFERENCE 7500 / 8659 elapsed 3299.6
INFERENCE 7550 / 8659 elapsed 3320.7
INFERENCE 7600 / 8659 elapsed 3341.6
INFERENCE 7650 / 8659 elapsed 3362.1
INFERENCE 7700 / 8659 elapsed 3383.6
INFERENCE 7750 / 8659 elapsed 3409.5
INFERENCE 7800 / 8659 elapsed 3435.7
INFERENCE 7850 / 8659 elapsed 3458.1
INFERENCE 7900 / 8659 elapsed 3480.9
INFERENCE 7950 / 8659 elapsed 3500.6
INFERENCE 8000 / 8659 elapsed 3521.6
INFERENCE 8050 / 8659 elapsed 3542.2
INFERENCE 8100 / 8659 elapsed 3564.7
INFERENCE 8150 / 8659 elapsed 3587.0
INFERENCE 8200 / 8659 elapsed 3607.9
INFERENCE 8250 / 8659 elapsed 3634.9
INFERENCE 8300 / 8659 elapsed 3658.0
INFERENCE 8350 / 8659 elapsed 3681.7
INFERENCE 8400 / 8659 elapsed 3707.7
INFERENCE 8450 / 8659 elapsed 3735.7
INFERENCE 8500 / 8659 elapsed 3759.5
INFERENCE 8550 / 8659 elapsed 3783.4
INFERENCE 8600 / 8659 elapsed 3808.6
INFERENCE 8650 / 8659 elapsed 3834.1
